============================= test session starts =============================
platform win32 -- Python 3.9.17, pytest-7.4.0, pluggy-1.0.0
rootdir: D:\reposAndSuch\verifyTechTest\VerifyTechnicalTest
plugins: anyio-3.5.0
collected 2 items

Test_1.py ..                                                             [100%]

============================== warnings summary ===============================
Test_1.py::test_output
  D:\reposAndSuch\verifyTechTest\VerifyTechnicalTest\veryfiProcess\mypackage.py:385: UserWarning: Warning:file format of file DerechosGradoMaster.pdf was not recognized and skipped
    warnings.warn(warn)

Test_1.py::test_output
  D:\reposAndSuch\verifyTechTest\VerifyTechnicalTest\veryfiProcess\mypackage.py:385: UserWarning: Warning:file format of file matricula2023-1.pdf was not recognized and skipped
    warnings.warn(warn)

-- Docs: https://docs.pytest.org/en/stable/how-to/capture-warnings.html
======================= 2 passed, 2 warnings in 12.39s ========================
